// Jest Snapshot v1, https://goo.gl/fbAQLP

exports[`My Account Screen Tests renders with current user email and username 1`] = `
<View
  style={
    {
      "backgroundColor": "rgba(6 6 48 / 1.0)",
      "flex": 1,
      "padding": 5,
    }
  }
>
  <View
    style={
      {
        "flex": 1,
        "marginTop": 25,
      }
    }
  >
    <Text
      style={
        {
          "color": "white",
          "fontSize": 20,
          "margin": 10,
        }
      }
    >
      Email: 
      current@User.edu
    </Text>
    <Text
      style={
        {
          "color": "white",
          "fontSize": 20,
          "margin": 10,
        }
      }
    >
      Username: 
      CurrentUser
    </Text>
  </View>
  <View
    style={
      {
        "flexGrow": 1,
        "height": 100,
        "justifyContent": "flex-end",
        "paddingBottom": 50,
      }
    }
  >
    <View
      accessibilityState={
        {
          "busy": undefined,
          "checked": undefined,
          "disabled": undefined,
          "expanded": undefined,
          "selected": undefined,
        }
      }
      accessibilityValue={
        {
          "max": undefined,
          "min": undefined,
          "now": undefined,
          "text": undefined,
        }
      }
      accessible={true}
      collapsable={false}
      focusable={true}
      onClick={[Function]}
      onResponderGrant={[Function]}
      onResponderMove={[Function]}
      onResponderRelease={[Function]}
      onResponderTerminate={[Function]}
      onResponderTerminationRequest={[Function]}
      onStartShouldSetResponder={[Function]}
      style={
        {
          "alignItems": "center",
          "backgroundColor": "midnightblue",
          "borderRadius": 20,
          "height": 35,
          "justifyContent": "center",
          "opacity": 1,
        }
      }
    >
      <Text
        style={
          {
            "color": "aliceblue",
            "fontSize": 16,
            "fontWeight": "bold",
            "paddingLeft": 20,
            "paddingRight": 20,
          }
        }
      >
        Sign Out
      </Text>
    </View>
  </View>
</View>
`;
